\BOOKMARK [0][-]{chapter*.1}{\376\377\000P\000r\000o\000h\000l\000\341\001\141\000e\000n\000\355}{}% 1
\BOOKMARK [0][-]{chapter*.2}{\376\377\000P\000o\000d\001\033\000k\000o\000v\000\341\000n\000\355}{}% 2
\BOOKMARK [0][-]{chapter*.3}{\376\377\000A\000b\000s\000t\000r\000a\000k\000t}{}% 3
\BOOKMARK [0][-]{chapter*.4}{\376\377\000A\000b\000s\000t\000r\000a\000c\000t}{}% 4
\BOOKMARK [0][-]{chapter.1}{\376\377\000\332\000v\000o\000d}{}% 5
\BOOKMARK [0][-]{chapter.2}{\376\377\000A\000n\000a\000l\000\375\000z\000a\000\040\000s\000o\000u\001\015\000a\000s\000n\000\351\000h\000o\000\040\000s\000t\000a\000v\000u\000\040\000v\000e\000\040\000s\000p\000o\000l\000e\001\015\000n\000o\000s\000t\000i}{}% 6
\BOOKMARK [1][-]{section.2.1}{\376\377\000C\000h\000a\000r\000a\000k\000t\000e\000r\000i\000s\000t\000i\000k\000a\000\040\000s\000p\000o\000l\000e\001\015\000n\000o\000s\000t\000i}{chapter.2}% 7
\BOOKMARK [1][-]{section.2.2}{\376\377\000O\000r\000g\000a\000n\000i\000z\000a\001\015\000n\000\355\000\040\000s\000t\000r\000u\000k\000t\000u\000r\000a\000\040\000s\000p\000o\000l\000e\001\015\000n\000o\000s\000t\000i}{chapter.2}% 8
\BOOKMARK [1][-]{section.2.3}{\376\377\000P\000o\000u\001\176\000\355\000v\000a\000n\000\351\000\040\000i\000n\000f\000o\000r\000m\000a\001\015\000n\000\355\000\040\000s\000y\000s\000t\000\351\000m\000y\000\040\000a\000\040\000j\000e\000j\000i\000c\000h\000\040\000r\000o\000l\000e}{chapter.2}% 9
\BOOKMARK [1][-]{section.2.4}{\376\377\000P\000o\000p\000i\000s\000\040\000s\000o\000u\001\015\000a\000s\000n\000\351\000h\000o\000\040\000s\000c\000h\000v\000a\000l\000o\000v\000a\000c\000\355\000h\000o\000\040\000p\000r\000o\000c\000e\000s\000u\000\040\000\050\000A\000S\000-\000I\000S\000\051}{chapter.2}% 10
\BOOKMARK [2][-]{subsection.2.4.1}{\376\377\000S\000c\000h\000v\000a\000l\000o\000v\000a\000c\000\355\000\040\000p\000r\000o\000c\000e\000s\000\040\000\050\000n\000\341\000k\000u\000p\000y\000\040\000n\000a\000d\000\040\000s\000t\000a\000n\000o\000v\000e\000n\000o\000u\000\040\000h\000o\000d\000n\000o\000t\000u\000\051}{section.2.4}% 11
\BOOKMARK [2][-]{subsection.2.4.2}{\376\377\000P\001\131\000e\000d\000k\000l\000\341\000d\000\341\000n\000\355\000\040\000d\000o\000k\000l\000a\000d\001\157\000\040\000k\000\040\000z\000a\000\372\001\015\000t\000o\000v\000\341\000n\000\355\000\040\000n\000e\000b\000o\000\040\000p\000r\000o\000p\000l\000a\000c\000e\000n\000\355}{section.2.4}% 12
\BOOKMARK [2][-]{subsection.2.4.3}{\376\377\000S\000h\000r\000n\000u\000t\000\355\000\040\000A\000S\000-\000I\000S\000\040\000m\000o\000d\000e\000l\000u}{section.2.4}% 13
\BOOKMARK [1][-]{section.2.5}{\376\377\000I\000d\000e\000n\000t\000i\000f\000i\000k\000a\000c\000e\000\040\000p\000r\000o\000b\000l\000\351\000m\001\157\000\040\000a\000\040\000d\000o\000p\000a\000d\001\157}{chapter.2}% 14
\BOOKMARK [0][-]{chapter.3}{\376\377\000A\000n\000a\000l\000\375\000z\000a\000\040\000e\000x\000i\000s\000t\000u\000j\000\355\000c\000\355\000c\000h\000\040\001\131\000e\001\141\000e\000n\000\355}{}% 15
\BOOKMARK [1][-]{section.3.1}{\376\377\000P\000r\000i\000n\000c\000i\000p\000y\000\040\000d\000i\000g\000i\000t\000a\000l\000i\000z\000a\000c\000e\000\040\000s\000c\000h\000v\000a\000l\000o\000v\000a\000c\000\355\000c\000h\000\040\000p\000r\000o\000c\000e\000s\001\157}{chapter.3}% 16
\BOOKMARK [1][-]{section.3.2}{\376\377\000K\000r\000i\000t\000\351\000r\000i\000a\000\040\000h\000o\000d\000n\000o\000c\000e\000n\000\355\000\040\000s\000y\000s\000t\000\351\000m\001\157}{chapter.3}% 17
\BOOKMARK [1][-]{section.3.3}{\376\377\000A\000n\000a\000l\000\375\000z\000a\000\040\000v\000y\000b\000r\000a\000n\000\375\000c\000h\000\040\001\131\000e\001\141\000e\000n\000\355}{chapter.3}% 18
\BOOKMARK [2][-]{subsection.3.3.1}{\376\377\000M\000i\000c\000r\000o\000s\000o\000f\000t\000\040\000P\000o\000w\000e\000r\000\040\000A\000u\000t\000o\000m\000a\000t\000e}{section.3.3}% 19
\BOOKMARK [2][-]{subsection.3.3.2}{\376\377\000M\000i\000c\000r\000o\000s\000o\000f\000t\000\040\000D\000y\000n\000a\000m\000i\000c\000s\000\040\0003\0006\0005\000\040\000B\000u\000s\000i\000n\000e\000s\000s\000\040\000C\000e\000n\000t\000r\000a\000l}{section.3.3}% 20
\BOOKMARK [2][-]{subsection.3.3.3}{\376\377\000O\000r\000a\000c\000l\000e\000\040\000I\000n\000v\000o\000i\000c\000e\000\040\000A\000p\000p\000r\000o\000v\000a\000l\000\040\000W\000o\000r\000k\000f\000l\000o\000w}{section.3.3}% 21
\BOOKMARK [2][-]{subsection.3.3.4}{\376\377\000O\000d\000o\000o}{section.3.3}% 22
\BOOKMARK [1][-]{section.3.4}{\376\377\000S\000r\000o\000v\000n\000\341\000n\000\355\000\040\001\131\000e\001\141\000e\000n\000\355}{chapter.3}% 23
\BOOKMARK [0][-]{chapter.4}{\376\377\000N\000\341\000v\000r\000h\000\040\001\131\000e\001\141\000e\000n\000\355\000\040\000p\000r\000o\000\040\000s\000p\000o\000l\000e\001\015\000n\000o\000s\000t}{}% 24
\BOOKMARK [1][-]{section.4.1}{\376\377\000P\000o\001\176\000a\000d\000a\000v\000k\000y\000\040\000n\000a\000\040\000s\000y\000s\000t\000\351\000m}{chapter.4}% 25
\BOOKMARK [2][-]{subsection.4.1.1}{\376\377\000F\000u\000n\000k\001\015\000n\000\355\000\040\000p\000o\001\176\000a\000d\000a\000v\000k\000y}{section.4.1}% 26
\BOOKMARK [2][-]{subsection.4.1.2}{\376\377\000N\000e\000f\000u\000n\000k\001\015\000n\000\355\000\040\000p\000o\001\176\000a\000d\000a\000v\000k\000y}{section.4.1}% 27
\BOOKMARK [1][-]{section.4.2}{\376\377\000N\000\341\000v\000r\000h\000\040\000s\000c\000h\000v\000a\000l\000o\000v\000a\000c\000\355\000h\000o\000\040\000p\000r\000o\000c\000e\000s\000u\000\040\000\050\000T\000O\000-\000B\000E\000\051}{chapter.4}% 28
\BOOKMARK [2][-]{subsection.4.2.1}{\376\377\000V\000\375\000c\000h\000o\000d\000i\000s\000k\000a\000\040\000c\000\355\000l\000o\000v\000\351\000h\000o\000\040\001\131\000e\001\141\000e\000n\000\355}{section.4.2}% 29
\BOOKMARK [2][-]{subsection.4.2.2}{\376\377\000R\000o\000l\000e\000\040\000v\000\040\000n\000a\000v\000r\000h\000o\000v\000a\000n\000\351\000m\000\040\000p\000r\000o\000c\000e\000s\000u}{section.4.2}% 30
\BOOKMARK [2][-]{subsection.4.2.3}{\376\377\000T\000O\000-\000B\000E\000\040\000p\000r\000o\000c\000e\000s\000\040\000s\000c\000h\000v\000a\000l\000o\000v\000\341\000n\000\355\000\040\000n\000\341\000k\000u\000p\000u\000\040\000a\000\040\000v\000\375\000d\000a\000j\000e}{section.4.2}% 31
\BOOKMARK [2][-]{subsection.4.2.4}{\376\377\000T\000O\000-\000B\000E\000\040\000p\000r\000o\000c\000e\000s\000\040\000p\001\131\000e\000d\000k\000l\000\341\000d\000\341\000n\000\355\000\040\000d\000o\000k\000l\000a\000d\001\157\000\040\000k\000\040\000z\000a\000\372\001\015\000t\000o\000v\000\341\000n\000\355\000\040\000n\000e\000b\000o\000\040\000p\000r\000o\000p\000l\000a\000c\000e\000n\000\355}{section.4.2}% 32
\BOOKMARK [2][-]{subsection.4.2.5}{\376\377\000P\001\131\000\355\000n\000o\000s\000y\000\040\000n\000a\000v\000r\001\176\000e\000n\000\351\000h\000o\000\040\000T\000O\000-\000B\000E\000\040\000p\000r\000o\000c\000e\000s\000u}{section.4.2}% 33
\BOOKMARK [1][-]{section.4.3}{\376\377\000A\000r\000c\000h\000i\000t\000e\000k\000t\000u\000r\000a\000\040\001\131\000e\001\141\000e\000n\000\355}{chapter.4}% 34
\BOOKMARK [1][-]{section.4.4}{\376\377\000D\000a\000t\000o\000v\000\375\000\040\000m\000o\000d\000e\000l\000\040\000a\000\040\000l\000o\000g\000i\000k\000a\000\040\000s\000y\000s\000t\000\351\000m\000u}{chapter.4}% 35
\BOOKMARK [0][-]{chapter.5}{\376\377\000I\000m\000p\000l\000e\000m\000e\000n\000t\000a\000c\000e\000\040\000s\000y\000s\000t\000\351\000m\000u}{}% 36
\BOOKMARK [1][-]{section.5.1}{\376\377\000Z\000v\000o\000l\000e\000n\000\351\000\040\000t\000e\000c\000h\000n\000o\000l\000o\000g\000i\000e}{chapter.5}% 37
\BOOKMARK [1][-]{section.5.2}{\376\377\000A\000r\000c\000h\000i\000t\000e\000k\000t\000u\000r\000a\000\040\000a\000p\000l\000i\000k\000a\000c\000e}{chapter.5}% 38
\BOOKMARK [1][-]{section.5.3}{\376\377\000I\000m\000p\000l\000e\000m\000e\000n\000t\000a\000c\000e\000\040\000d\000a\000t\000o\000v\000\351\000h\000o\000\040\000m\000o\000d\000e\000l\000u}{chapter.5}% 39
\BOOKMARK [1][-]{section.5.4}{\376\377\000I\000m\000p\000l\000e\000m\000e\000n\000t\000a\000c\000e\000\040\000s\000c\000h\000v\000a\000l\000o\000v\000a\000c\000\355\000h\000o\000\040\000p\000r\000o\000c\000e\000s\000u}{chapter.5}% 40
\BOOKMARK [1][-]{section.5.5}{\376\377\000W\000o\000r\000k\000f\000l\000o\000w\000\040\000\372\001\015\000e\000t\000n\000\355\000c\000h\000\040\000d\000o\000k\000l\000a\000d\001\157}{chapter.5}% 41
\BOOKMARK [1][-]{section.5.6}{\376\377\000U\001\176\000i\000v\000a\000t\000e\000l\000s\000k\000\351\000\040\000r\000o\000z\000h\000r\000a\000n\000\355}{chapter.5}% 42
\BOOKMARK [1][-]{section.5.7}{\376\377\000Z\000a\000b\000e\000z\000p\000e\001\015\000e\000n\000\355}{chapter.5}% 43
\BOOKMARK [1][-]{section.5.8}{\376\377\000E\000-\000m\000a\000i\000l\000o\000v\000\351\000\040\000n\000o\000t\000i\000f\000i\000k\000a\000c\000e}{chapter.5}% 44
\BOOKMARK [1][-]{section.5.9}{\376\377\000A\000u\000d\000i\000t\000n\000\355\000\040\000z\000\341\000z\000n\000a\000m\000y}{chapter.5}% 45
\BOOKMARK [1][-]{section.5.10}{\376\377\000A\000d\000m\000i\000n\000i\000s\000t\000r\000a\000c\000e\000\040\000s\000y\000s\000t\000\351\000m\000u}{chapter.5}% 46
\BOOKMARK [1][-]{section.5.11}{\376\377\000I\000n\000i\000c\000i\000a\000l\000i\000z\000a\000c\000e\000\040\000d\000a\000t}{chapter.5}% 47
\BOOKMARK [0][-]{chapter.6}{\376\377\000O\000v\001\033\001\131\000e\000n\000\355\000\040\000f\000u\000n\000k\001\015\000n\000o\000s\000t\000i\000\040\000s\000y\000s\000t\000\351\000m\000u}{}% 48
\BOOKMARK [1][-]{section.6.1}{\376\377\000S\000t\000r\000a\000t\000e\000g\000i\000e\000\040\000o\000v\001\033\001\131\000o\000v\000\341\000n\000\355}{chapter.6}% 49
\BOOKMARK [1][-]{section.6.2}{\376\377\000O\000v\001\033\001\131\000o\000v\000a\000c\000\355\000\040\000s\000c\000\351\000n\000\341\001\131\000e}{chapter.6}% 50
\BOOKMARK [1][-]{section.6.3}{\376\377\000O\000v\001\033\001\131\000e\000n\000\355\000\040\000s\000c\000h\000v\000a\000l\000o\000v\000a\000c\000\355\000c\000h\000\040\000p\000r\000a\000v\000i\000d\000e\000l}{chapter.6}% 51
\BOOKMARK [1][-]{section.6.4}{\376\377\000O\000v\001\033\001\131\000e\000n\000\355\000\040\001\131\000\355\000z\000e\000n\000\355\000\040\000p\001\131\000\355\000s\000t\000u\000p\000u}{chapter.6}% 52
\BOOKMARK [1][-]{section.6.5}{\376\377\000O\000v\001\033\001\131\000e\000n\000\355\000\040\000s\000\040\000p\001\131\000e\000d\000s\000t\000a\000v\000i\000t\000e\000l\000e\000m\000\040\000s\000p\000o\000l\000e\001\015\000n\000o\000s\000t\000i}{chapter.6}% 53
\BOOKMARK [1][-]{section.6.6}{\376\377\000S\000h\000r\000n\000u\000t\000\355\000\040\000v\000\375\000s\000l\000e\000d\000k\001\157\000\040\000o\000v\001\033\001\131\000e\000n\000\355}{chapter.6}% 54
\BOOKMARK [0][-]{chapter.7}{\376\377\000Z\000\341\000v\001\033\000r}{}% 55
\BOOKMARK [0][-]{chapter.A}{\376\377\000Z\000a\000d\000\341\000n\000\355\000\040\000p\000r\000\341\000c\000e}{}% 56
