This is pdfTeX, Version 3.141592653-2.6-1.40.29 (TeX Live 2026) (preloaded format=pdflatex 2026.5.10)  13 MAY 2026 20:11
entering extended mode
 restricted \write18 enabled.
 %&-line parsing enabled.
**main.tex
(./main.tex
LaTeX2e <2025-11-01>
L3 programming layer <2026-01-19>
(/usr/local/texlive/2026basic/texmf-dist/tex/latex/base/report.cls
Document Class: report 2025/01/22 v1.4n Standard LaTeX document class
(/usr/local/texlive/2026basic/texmf-dist/tex/latex/base/size11.clo
File: size11.clo 2025/01/22 v1.4n Standard LaTeX file (size option)
)
\c@part=\count275
\c@chapter=\count276
\c@section=\count277
\c@subsection=\count278
\c@subsubsection=\count279
\c@paragraph=\count280
\c@subparagraph=\count281
\c@figure=\count282
\c@table=\count283
\abovecaptionskip=\skip49
\belowcaptionskip=\skip50
\bibindent=\dimen148
)
(/usr/local/texlive/2026basic/texmf-dist/tex/latex/base/fontenc.sty
Package: fontenc 2025/07/18 v2.1d Standard LaTeX package
)
(/usr/local/texlive/2026basic/texmf-dist/tex/latex/base/inputenc.sty
Package: inputenc 2024/02/08 v1.3d Input encoding file
\inpenc@prehook=\toks17
\inpenc@posthook=\toks18
)
(/usr/local/texlive/2026basic/texmf-dist/tex/generic/babel/babel.sty
Package: babel 2026/02/14 v26.3 The multilingual framework for LuaLaTeX, pdfLaT
eX and XeLaTeX
\babel@savecnt=\count284
LaTeX Encoding Info:    Redeclaring text command \ij (encoding OT1) on input li
ne 2078.
LaTeX Encoding Info:    Redeclaring text command \IJ (encoding OT1) on input li
ne 2080.
LaTeX Encoding Info:    Redeclaring text command \ij (encoding T1) on input lin
e 2082.
LaTeX Encoding Info:    Redeclaring text command \IJ (encoding T1) on input lin
e 2083.
LaTeX Encoding Info:    Ignoring declaration for text command \ij (encoding ?) 
on input line 2084.
LaTeX Encoding Info:    Ignoring declaration for text command \IJ (encoding ?) 
on input line 2086.
LaTeX Encoding Info:    Ignoring declaration for text command \SS (encoding ?) 
on input line 2111.
\U@D=\dimen149
\l@unhyphenated=\language23

(/usr/local/texlive/2026basic/texmf-dist/tex/generic/babel/txtbabel.def)
\bbl@readstream=\read2
\bbl@dirlevel=\count285

(/usr/local/texlive/2026basic/texmf-dist/tex/generic/babel/locale/cs/babel-czec
h.tex)
Package babel Info: Importing font and identification data for czech
(babel)             from babel-cs.ini. Reported on input line 4330.

(/usr/local/texlive/2026basic/texmf-dist/tex/generic/babel-czech/czech.ldf
Language: czech 2008/07/06 v3.1a Czech support from the babel system
Package babel Info: Making " an active character on input line 172.
\cs@wordlen=\count286
Package babel Info: Making - an active character on input line 226.
))
(/usr/local/texlive/2026basic/texmf-dist/tex/latex/lm/lmodern.sty
Package: lmodern 2015/05/01 v1.6.1 Latin Modern Fonts
LaTeX Font Info:    Overwriting symbol font `operators' in version `normal'
(Font)                  OT1/cmr/m/n --> OT1/lmr/m/n on input line 22.
LaTeX Font Info:    Overwriting symbol font `letters' in version `normal'
(Font)                  OML/cmm/m/it --> OML/lmm/m/it on input line 23.
LaTeX Font Info:    Overwriting symbol font `symbols' in version `normal'
(Font)                  OMS/cmsy/m/n --> OMS/lmsy/m/n on input line 24.
LaTeX Font Info:    Overwriting symbol font `largesymbols' in version `normal'
(Font)                  OMX/cmex/m/n --> OMX/lmex/m/n on input line 25.
LaTeX Font Info:    Overwriting symbol font `operators' in version `bold'
(Font)                  OT1/cmr/bx/n --> OT1/lmr/bx/n on input line 26.
LaTeX Font Info:    Overwriting symbol font `letters' in version `bold'
(Font)                  OML/cmm/b/it --> OML/lmm/b/it on input line 27.
LaTeX Font Info:    Overwriting symbol font `symbols' in version `bold'
(Font)                  OMS/cmsy/b/n --> OMS/lmsy/b/n on input line 28.
LaTeX Font Info:    Overwriting symbol font `largesymbols' in version `bold'
(Font)                  OMX/cmex/m/n --> OMX/lmex/m/n on input line 29.
LaTeX Font Info:    Overwriting math alphabet `\mathbf' in version `normal'
(Font)                  OT1/cmr/bx/n --> OT1/lmr/bx/n on input line 31.
LaTeX Font Info:    Overwriting math alphabet `\mathsf' in version `normal'
(Font)                  OT1/cmss/m/n --> OT1/lmss/m/n on input line 32.
LaTeX Font Info:    Overwriting math alphabet `\mathit' in version `normal'
(Font)                  OT1/cmr/m/it --> OT1/lmr/m/it on input line 33.
LaTeX Font Info:    Overwriting math alphabet `\mathtt' in version `normal'
(Font)                  OT1/cmtt/m/n --> OT1/lmtt/m/n on input line 34.
LaTeX Font Info:    Overwriting math alphabet `\mathbf' in version `bold'
(Font)                  OT1/cmr/bx/n --> OT1/lmr/bx/n on input line 35.
LaTeX Font Info:    Overwriting math alphabet `\mathsf' in version `bold'
(Font)                  OT1/cmss/bx/n --> OT1/lmss/bx/n on input line 36.
LaTeX Font Info:    Overwriting math alphabet `\mathit' in version `bold'
(Font)                  OT1/cmr/bx/it --> OT1/lmr/bx/it on input line 37.
LaTeX Font Info:    Overwriting math alphabet `\mathtt' in version `bold'
(Font)                  OT1/cmtt/m/n --> OT1/lmtt/m/n on input line 38.
)
(/usr/local/texlive/2026basic/texmf-dist/tex/latex/geometry/geometry.sty
Package: geometry 2020/01/02 v5.9 Page Geometry

(/usr/local/texlive/2026basic/texmf-dist/tex/latex/graphics/keyval.sty
Package: keyval 2022/05/29 v1.15 key=value parser (DPC)
\KV@toks@=\toks19
)
(/usr/local/texlive/2026basic/texmf-dist/tex/generic/iftex/ifvtex.sty
Package: ifvtex 2019/10/25 v1.7 ifvtex legacy package. Use iftex instead.

(/usr/local/texlive/2026basic/texmf-dist/tex/generic/iftex/iftex.sty
Package: iftex 2024/12/12 v1.0g TeX engine tests
))
\Gm@cnth=\count287
\Gm@cntv=\count288
\c@Gm@tempcnt=\count289
\Gm@bindingoffset=\dimen150
\Gm@wd@mp=\dimen151
\Gm@odd@mp=\dimen152
\Gm@even@mp=\dimen153
\Gm@layoutwidth=\dimen154
\Gm@layoutheight=\dimen155
\Gm@layouthoffset=\dimen156
\Gm@layoutvoffset=\dimen157
\Gm@dimlist=\toks20
)
(/usr/local/texlive/2026basic/texmf-dist/tex/latex/xcolor/xcolor.sty
Package: xcolor 2024/09/29 v3.02 LaTeX color extensions (UK)

(/usr/local/texlive/2026basic/texmf-dist/tex/latex/graphics-cfg/color.cfg
File: color.cfg 2016/01/02 v1.6 sample color configuration
)
Package xcolor Info: Driver file: pdftex.def on input line 274.

(/usr/local/texlive/2026basic/texmf-dist/tex/latex/graphics-def/pdftex.def
File: pdftex.def 2025/09/29 v1.2d Graphics/color driver for pdftex
)
(/usr/local/texlive/2026basic/texmf-dist/tex/latex/graphics/mathcolor.ltx)
Package xcolor Info: Model `cmy' substituted by `cmy0' on input line 1349.
Package xcolor Info: Model `hsb' substituted by `rgb' on input line 1353.
Package xcolor Info: Model `RGB' extended on input line 1365.
Package xcolor Info: Model `HTML' substituted by `rgb' on input line 1367.
Package xcolor Info: Model `Hsb' substituted by `hsb' on input line 1368.
Package xcolor Info: Model `tHsb' substituted by `hsb' on input line 1369.
Package xcolor Info: Model `HSB' substituted by `hsb' on input line 1370.
Package xcolor Info: Model `Gray' substituted by `gray' on input line 1371.
Package xcolor Info: Model `wave' substituted by `hsb' on input line 1372.
)
(/usr/local/texlive/2026basic/texmf-dist/tex/latex/graphics/dvipsnam.def
File: dvipsnam.def 2016/06/17 v3.0m Driver-dependent file (DPC,SPQR)
)
(/Users/arsenart/Library/texmf/tex/latex/titlesec/titlesec.sty
Package: titlesec 2025/01/04 v2.17 Sectioning titles
\ttl@box=\box53
\beforetitleunit=\skip51
\aftertitleunit=\skip52
\ttl@plus=\dimen158
\ttl@minus=\dimen159
\ttl@toksa=\toks21
\titlewidth=\dimen160
\titlewidthlast=\dimen161
\titlewidthfirst=\dimen162
)
(/Users/arsenart/Library/texmf/tex/latex/setspace/setspace.sty
Package: setspace 2022/12/04 v6.7b set line spacing
)
(/Users/arsenart/Library/texmf/tex/latex/fancyhdr/fancyhdr.sty
Package: fancyhdr 2025/02/07 v5.2 Extensive control of page headers and footers

\f@nch@headwidth=\skip53
\f@nch@offset@elh=\skip54
\f@nch@offset@erh=\skip55
\f@nch@offset@olh=\skip56
\f@nch@offset@orh=\skip57
\f@nch@offset@elf=\skip58
\f@nch@offset@erf=\skip59
\f@nch@offset@olf=\skip60
\f@nch@offset@orf=\skip61
\f@nch@height=\skip62
\f@nch@footalignment=\skip63
\f@nch@widthL=\skip64
\f@nch@widthC=\skip65
\f@nch@widthR=\skip66
\@temptokenb=\toks22
)
(/usr/local/texlive/2026basic/texmf-dist/tex/latex/graphics/graphicx.sty
Package: graphicx 2024/12/31 v1.2e Enhanced LaTeX Graphics (DPC,SPQR)

(/usr/local/texlive/2026basic/texmf-dist/tex/latex/graphics/graphics.sty
Package: graphics 2024/08/06 v1.4g Standard LaTeX Graphics (DPC,SPQR)

(/usr/local/texlive/2026basic/texmf-dist/tex/latex/graphics/trig.sty
Package: trig 2023/12/02 v1.11 sin cos tan (DPC)
)
(/usr/local/texlive/2026basic/texmf-dist/tex/latex/graphics-cfg/graphics.cfg
File: graphics.cfg 2016/06/04 v1.11 sample graphics configuration
)
Package graphics Info: Driver file: pdftex.def on input line 106.
)
\Gin@req@height=\dimen163
\Gin@req@width=\dimen164
) (/usr/local/texlive/2026basic/texmf-dist/tex/latex/float/float.sty
Package: float 2001/11/08 v1.3d Float enhancements (AL)
\c@float@type=\count290
\float@exts=\toks23
\float@box=\box54
\@float@everytoks=\toks24
\@floatcapt=\box55
)
(/usr/local/texlive/2026basic/texmf-dist/tex/latex/amsfonts/amssymb.sty
Package: amssymb 2013/01/14 v3.01 AMS font symbols

(/usr/local/texlive/2026basic/texmf-dist/tex/latex/amsfonts/amsfonts.sty
Package: amsfonts 2013/01/14 v3.01 Basic AMSFonts support
\@emptytoks=\toks25
\symAMSa=\mathgroup4
\symAMSb=\mathgroup5
LaTeX Font Info:    Redeclaring math symbol \hbar on input line 98.
LaTeX Font Info:    Overwriting math alphabet `\mathfrak' in version `bold'
(Font)                  U/euf/m/n --> U/euf/b/n on input line 106.
))
(/Users/arsenart/Library/texmf/tex/latex/booktabs/booktabs.sty
Package: booktabs 2020/01/12 v1.61803398 Publication quality tables
\heavyrulewidth=\dimen165
\lightrulewidth=\dimen166
\cmidrulewidth=\dimen167
\belowrulesep=\dimen168
\belowbottomsep=\dimen169
\aboverulesep=\dimen170
\abovetopsep=\dimen171
\cmidrulesep=\dimen172
\cmidrulekern=\dimen173
\defaultaddspace=\dimen174
\@cmidla=\count291
\@cmidlb=\count292
\@aboverulesep=\dimen175
\@belowrulesep=\dimen176
\@thisruleclass=\count293
\@lastruleclass=\count294
\@thisrulewidth=\dimen177
)
(/Users/arsenart/Library/texmf/tex/latex/tools/tabularx.sty
Package: tabularx 2023/12/11 v2.12a `tabularx' package (DPC)

(/Users/arsenart/Library/texmf/tex/latex/tools/array.sty
Package: array 2025/09/25 v2.6n Tabular extension package (FMi)
\col@sep=\dimen178
\ar@mcellbox=\box56
\extrarowheight=\dimen179
\NC@list=\toks26
\extratabsurround=\skip67
\backup@length=\skip68
\ar@cellbox=\box57
)
\TX@col@width=\dimen180
\TX@old@table=\dimen181
\TX@old@col=\dimen182
\TX@target=\dimen183
\TX@delta=\dimen184
\TX@cols=\count295
\TX@ftn=\toks27
)
(/Users/arsenart/Library/texmf/tex/latex/caption/caption.sty
Package: caption 2023/08/05 v3.6o Customizing captions (AR)

(/Users/arsenart/Library/texmf/tex/latex/caption/caption3.sty
Package: caption3 2023/07/31 v2.4d caption3 kernel (AR)
\caption@tempdima=\dimen185
\captionmargin=\dimen186
\caption@leftmargin=\dimen187
\caption@rightmargin=\dimen188
\caption@width=\dimen189
\caption@indent=\dimen190
\caption@parindent=\dimen191
\caption@hangindent=\dimen192
Package caption Info: Standard document class detected.
)
\c@caption@flags=\count296
\c@continuedfloat=\count297
Package caption Info: float package is loaded.
)
(/Users/arsenart/Library/texmf/tex/latex/enumitem/enumitem.sty
Package: enumitem 2025/02/06 v3.11 Customized lists
\labelindent=\skip69
\enit@outerparindent=\dimen193
\enit@toks=\toks28
\enit@inbox=\box58
\enit@count@id=\count298
\enitdp@description=\count299
)
(/Users/arsenart/Library/texmf/tex/latex/hyperref/hyperref.sty
Package: hyperref 2026-04-24 v7.01q Hypertext links for LaTeX

(/usr/local/texlive/2026basic/texmf-dist/tex/latex/kvsetkeys/kvsetkeys.sty
Package: kvsetkeys 2022-10-05 v1.19 Key value parser (HO)
)
(/usr/local/texlive/2026basic/texmf-dist/tex/generic/kvdefinekeys/kvdefinekeys.
sty
Package: kvdefinekeys 2019-12-19 v1.6 Define keys (HO)
)
(/usr/local/texlive/2026basic/texmf-dist/tex/generic/pdfescape/pdfescape.sty
Package: pdfescape 2019/12/09 v1.15 Implements pdfTeX's escape features (HO)

(/usr/local/texlive/2026basic/texmf-dist/tex/generic/ltxcmds/ltxcmds.sty
Package: ltxcmds 2023-12-04 v1.26 LaTeX kernel commands for general use (HO)
)
(/usr/local/texlive/2026basic/texmf-dist/tex/generic/pdftexcmds/pdftexcmds.sty
Package: pdftexcmds 2020-06-27 v0.33 Utility functions of pdfTeX for LuaTeX (HO
)

(/usr/local/texlive/2026basic/texmf-dist/tex/generic/infwarerr/infwarerr.sty
Package: infwarerr 2019/12/03 v1.5 Providing info/warning/error messages (HO)
)
Package pdftexcmds Info: \pdf@primitive is available.
Package pdftexcmds Info: \pdf@ifprimitive is available.
Package pdftexcmds Info: \pdfdraftmode found.
)) (/usr/local/texlive/2026basic/texmf-dist/tex/latex/hycolor/hycolor.sty
Package: hycolor 2020-01-27 v1.10 Color options for hyperref/bookmark (HO)
)
(/Users/arsenart/Library/texmf/tex/latex/hyperref/nameref.sty
Package: nameref 2026-01-29 v2.58 Cross-referencing by name of section

(/usr/local/texlive/2026basic/texmf-dist/tex/latex/refcount/refcount.sty
Package: refcount 2019/12/15 v3.6 Data extraction from label references (HO)
)
(/usr/local/texlive/2026basic/texmf-dist/tex/generic/gettitlestring/gettitlestr
ing.sty
Package: gettitlestring 2019/12/15 v1.6 Cleanup title references (HO)

(/usr/local/texlive/2026basic/texmf-dist/tex/latex/kvoptions/kvoptions.sty
Package: kvoptions 2022-06-15 v3.15 Key value format for package options (HO)
))
\c@section@level=\count300
)
(/usr/local/texlive/2026basic/texmf-dist/tex/latex/etoolbox/etoolbox.sty
Package: etoolbox 2025/10/02 v2.5m e-TeX tools for LaTeX (JAW)
\etb@tempcnta=\count301
)
(/usr/local/texlive/2026basic/texmf-dist/tex/generic/stringenc/stringenc.sty
Package: stringenc 2019/11/29 v1.12 Convert strings between diff. encodings (HO
)
)
\@linkdim=\dimen194
\Hy@linkcounter=\count302
\Hy@pagecounter=\count303

(/Users/arsenart/Library/texmf/tex/latex/hyperref/pd1enc.def
File: pd1enc.def 2026-04-24 v7.01q Hyperref: PDFDocEncoding definition (HO)
Now handling font encoding PD1 ...
... no UTF-8 mapping file for font encoding PD1
)
(/usr/local/texlive/2026basic/texmf-dist/tex/generic/intcalc/intcalc.sty
Package: intcalc 2019/12/15 v1.3 Expandable calculations with integers (HO)
)
\Hy@SavedSpaceFactor=\count304

(/Users/arsenart/Library/texmf/tex/latex/hyperref/puenc.def
File: puenc.def 2026-04-24 v7.01q Hyperref: PDF Unicode definition (HO)
Now handling font encoding PU ...
... no UTF-8 mapping file for font encoding PU
)
Package hyperref Info: Option `colorlinks' set `true' on input line 4070.
Package hyperref Info: Hyper figures OFF on input line 4199.
Package hyperref Info: Link nesting OFF on input line 4204.
Package hyperref Info: Hyper index ON on input line 4207.
Package hyperref Info: Plain pages OFF on input line 4214.
Package hyperref Info: Backreferencing OFF on input line 4219.
Package hyperref Info: Implicit mode ON; LaTeX internals redefined.
Package hyperref Info: Bookmarks ON on input line 4466.
\c@Hy@tempcnt=\count305

(/Users/arsenart/Library/texmf/tex/latex/url/url.sty
\Urlmuskip=\muskip17
Package: url 2013/09/16  ver 3.4  Verb mode for urls, etc.
)
LaTeX Info: Redefining \url on input line 4805.
\XeTeXLinkMargin=\dimen195

(/usr/local/texlive/2026basic/texmf-dist/tex/generic/bitset/bitset.sty
Package: bitset 2019/12/09 v1.3 Handle bit-vector datatype (HO)

(/usr/local/texlive/2026basic/texmf-dist/tex/generic/bigintcalc/bigintcalc.sty
Package: bigintcalc 2019/12/15 v1.5 Expandable calculations on big integers (HO
)
))
\Fld@menulength=\count306
\Field@Width=\dimen196
\Fld@charsize=\dimen197
Package hyperref Info: Hyper figures OFF on input line 6091.
Package hyperref Info: Link nesting OFF on input line 6096.
Package hyperref Info: Hyper index ON on input line 6099.
Package hyperref Info: backreferencing OFF on input line 6106.
Package hyperref Info: Link coloring ON on input line 6109.
Package hyperref Info: Link coloring with OCG OFF on input line 6116.
Package hyperref Info: PDF/A mode OFF on input line 6121.
\Hy@abspage=\count307
\c@Item=\count308
\c@Hfootnote=\count309
)
Package hyperref Info: Driver (autodetected): hpdftex.
 (/Users/arsenart/Library/texmf/tex/latex/hyperref/hpdftex.def
File: hpdftex.def 2026-04-24 v7.01q Hyperref driver for pdfTeX
\Fld@listcount=\count310
\c@bookmark@seq@number=\count311

(/usr/local/texlive/2026basic/texmf-dist/tex/latex/rerunfilecheck/rerunfilechec
k.sty
Package: rerunfilecheck 2025-06-21 v1.11 Rerun checks for auxiliary files (HO)

(/usr/local/texlive/2026basic/texmf-dist/tex/generic/uniquecounter/uniquecounte
r.sty
Package: uniquecounter 2019/12/15 v1.4 Provide unlimited unique counter (HO)
)
Package uniquecounter Info: New unique counter `rerunfilecheck' on input line 2
84.
)
\Hy@SectionHShift=\skip70
) (/Users/arsenart/Library/texmf/tex/latex/listings/listings.sty
\lst@mode=\count312
\lst@gtempboxa=\box59
\lst@token=\toks29
\lst@length=\count313
\lst@currlwidth=\dimen198
\lst@column=\count314
\lst@pos=\count315
\lst@lostspace=\dimen199
\lst@width=\dimen256
\lst@newlines=\count316
\lst@lineno=\count317
\lst@maxwidth=\dimen257

(/Users/arsenart/Library/texmf/tex/latex/listings/lstpatch.sty
File: lstpatch.sty 2025/11/14 1.11b (Carsten Heinz)
)
(/Users/arsenart/Library/texmf/tex/latex/listings/lstmisc.sty
File: lstmisc.sty 2025/11/14 1.11b (Carsten Heinz)
\c@lstnumber=\count318
\lst@skipnumbers=\count319
\lst@framebox=\box60
)
(/Users/arsenart/Library/texmf/tex/latex/listings/listings.cfg
File: listings.cfg 2025/11/14 1.11b listings configuration
))
Package: listings 2025/11/14 1.11b (Carsten Heinz)

==> First Aid for listings.sty no longer applied!
    Expected:
        2024/09/23 1.10c (Carsten Heinz)
    but found:
        2025/11/14 1.11b (Carsten Heinz)
    so I'm assuming it got fixed.
(/Users/arsenart/Library/texmf/tex/latex/microtype/microtype.sty
Package: microtype 2026/03/01 v3.2d Micro-typographical refinements (RS)
\MT@toks=\toks30
\MT@tempbox=\box61
\MT@count=\count320
LaTeX Info: Redefining \noprotrusionifhmode on input line 1084.
LaTeX Info: Redefining \leftprotrusion on input line 1085.
\MT@prot@toks=\toks31
LaTeX Info: Redefining \rightprotrusion on input line 1104.
LaTeX Info: Redefining \textls on input line 1449.
\MT@outer@kern=\dimen258
LaTeX Info: Redefining \microtypecontext on input line 2053.
LaTeX Info: Redefining \textmicrotypecontext on input line 2070.
\MT@listname@count=\count321

(/Users/arsenart/Library/texmf/tex/latex/microtype/microtype-pdftex.def
File: microtype-pdftex.def 2026/03/01 v3.2d Definitions specific to pdftex (RS)

LaTeX Info: Redefining \lsstyle on input line 944.
LaTeX Info: Redefining \lslig on input line 944.
\MT@outer@space=\skip71
)
Package microtype Info: Loading configuration file microtype.cfg.

(/Users/arsenart/Library/texmf/tex/latex/microtype/microtype.cfg
File: microtype.cfg 2026/03/01 v3.2d microtype main configuration file (RS)
)
LaTeX Info: Redefining \microtypesetup on input line 3065.
)
(/Users/arsenart/Library/texmf/tex/latex/csquotes/csquotes.sty
Package: csquotes 2024-04-04 v5.2o context-sensitive quotations (JAW)
\csq@reset=\count322
\csq@gtype=\count323
\csq@glevel=\count324
\csq@qlevel=\count325
\csq@maxlvl=\count326
\csq@tshold=\count327
\csq@ltx@everypar=\toks32

(/Users/arsenart/Library/texmf/tex/latex/csquotes/csquotes.def
File: csquotes.def 2024-04-04 v5.2o csquotes generic definitions (JAW)
)
Package csquotes Info: Trying to load configuration file 'csquotes.cfg'...
Package csquotes Info: ... configuration file loaded successfully.

(/Users/arsenart/Library/texmf/tex/latex/csquotes/csquotes.cfg
File: csquotes.cfg 
))
Package csquotes Info: Checking for multilingual support...
Package csquotes Info: ... found 'babel' package.
Package csquotes Info: Adjusting default style.
Package csquotes Info: Redefining alias 'default' -> 'czech'.
LaTeX Font Info:    Trying to load font information for T1+lmr on input line 12
3.

(/usr/local/texlive/2026basic/texmf-dist/tex/latex/lm/t1lmr.fd
File: t1lmr.fd 2015/05/01 v1.6.1 Font defs for Latin Modern
)
(/usr/local/texlive/2026basic/texmf-dist/tex/latex/l3backend/l3backend-pdftex.d
ef
File: l3backend-pdftex.def 2025-10-09 L3 backend support: PDF output (pdfTeX)
\l__color_backend_stack_int=\count328
) (./main.aux
Package babel Info: 'czech' activates 'czech' shorthands.
(babel)             Reported on input line 9.
)
\openout1 = `main.aux'.

LaTeX Font Info:    Checking defaults for OML/cmm/m/it on input line 123.
LaTeX Font Info:    ... okay on input line 123.
LaTeX Font Info:    Checking defaults for OMS/cmsy/m/n on input line 123.
LaTeX Font Info:    ... okay on input line 123.
LaTeX Font Info:    Checking defaults for OT1/cmr/m/n on input line 123.
LaTeX Font Info:    ... okay on input line 123.
LaTeX Font Info:    Checking defaults for T1/cmr/m/n on input line 123.
LaTeX Font Info:    ... okay on input line 123.
LaTeX Font Info:    Checking defaults for TS1/cmr/m/n on input line 123.
LaTeX Font Info:    ... okay on input line 123.
LaTeX Font Info:    Checking defaults for OMX/cmex/m/n on input line 123.
LaTeX Font Info:    ... okay on input line 123.
LaTeX Font Info:    Checking defaults for U/cmr/m/n on input line 123.
LaTeX Font Info:    ... okay on input line 123.
LaTeX Font Info:    Checking defaults for PD1/pdf/m/n on input line 123.
LaTeX Font Info:    ... okay on input line 123.
LaTeX Font Info:    Checking defaults for PU/pdf/m/n on input line 123.
LaTeX Font Info:    ... okay on input line 123.

*geometry* driver: auto-detecting
*geometry* detected driver: pdftex
*geometry* verbose mode - [ preamble ] result:
* driver: pdftex
* paper: a4paper
* layout: <same size as paper>
* layoutoffset:(h,v)=(0.0pt,0.0pt)
* modes: twoside 
* h-part:(L,W,R)=(85.35826pt, 455.24411pt, 56.9055pt)
* v-part:(T,H,B)=(71.13188pt, 702.78308pt, 71.13188pt)
* \paperwidth=597.50787pt
* \paperheight=845.04684pt
* \textwidth=455.24411pt
* \textheight=702.78308pt
* \oddsidemargin=13.08827pt
* \evensidemargin=-15.36449pt
* \topmargin=-41.1381pt
* \headheight=15.0pt
* \headsep=25.0pt
* \topskip=11.0pt
* \footskip=30.0pt
* \marginparwidth=103.0pt
* \marginparsep=10.0pt
* \columnsep=10.0pt
* \skip\footins=10.0pt plus 4.0pt minus 2.0pt
* \hoffset=0.0pt
* \voffset=0.0pt
* \mag=1000
* \@twocolumnfalse
* \@twosidetrue
* \@mparswitchtrue
* \@reversemarginfalse
* (1in=72.27pt=25.4mm, 1cm=28.453pt)

(/usr/local/texlive/2026basic/texmf-dist/tex/context/base/mkii/supp-pdf.mkii
[Loading MPS to PDF converter (version 2006.09.02).]
\scratchcounter=\count329
\scratchdimen=\dimen259
\scratchbox=\box62
\nofMPsegments=\count330
\nofMParguments=\count331
\everyMPshowfont=\toks33
\MPscratchCnt=\count332
\MPscratchDim=\dimen260
\MPnumerator=\count333
\makeMPintoPDFobject=\count334
\everyMPtoPDFconversion=\toks34
)
(/usr/local/texlive/2026basic/texmf-dist/tex/latex/epstopdf-pkg/epstopdf-base.s
ty
Package: epstopdf-base 2020-01-24 v2.11 Base part for package epstopdf
Package epstopdf-base Info: Redefining graphics rule for `.eps' on input line 4
85.

(/usr/local/texlive/2026basic/texmf-dist/tex/latex/latexconfig/epstopdf-sys.cfg
File: epstopdf-sys.cfg 2010/07/13 v1.3 Configuration of (r)epstopdf for TeX Liv
e
))
Package caption Info: Begin \AtBeginDocument code.
Package caption Info: hyperref package is loaded.
Package caption Info: listings package is loaded.
Package caption Info: End \AtBeginDocument code.
Package hyperref Info: Link coloring ON on input line 123.
 (./main.out) (./main.out)
\@outlinefile=\write3
\openout3 = `main.out'.

\c@lstlisting=\count335
LaTeX Info: Redefining \microtypecontext on input line 123.


Package microtype Warning: Unable to apply patch `item' on input line 123.

Package microtype Info: Applying patch `toc' on input line 123.
Package microtype Info: Applying patch `eqnum' on input line 123.
Package microtype Info: Applying patch `footnote' on input line 123.
Package microtype Info: Applying patch `verbatim' on input line 123.
LaTeX Info: Redefining \microtypesetup on input line 123.
Package microtype Info: Generating PDF output.
Package microtype Info: Character protrusion enabled (level 2).
Package microtype Info: Using default protrusion set `alltext'.
Package microtype Info: Automatic font expansion enabled (level 2),
(microtype)             stretch: 20, shrink: 20, step: 1, non-selected.
Package microtype Info: Using default expansion set `alltext-nott'.
Package microtype Info: Patching command `\showhyphens'.
Package microtype Info: No adjustment of tracking.
Package microtype Info: No adjustment of interword spacing.
Package microtype Info: No adjustment of character kerning.
(/Users/arsenart/Library/texmf/tex/latex/microtype/mt-cmr.cfg
File: mt-cmr.cfg 2013/05/19 v2.2 microtype config. file: Computer Modern Roman 
(RS)
) [1

{/usr/local/texlive/2026basic/texmf-var/fonts/map/pdftex/updmap/pdftex.map}{/us
r/local/texlive/2026basic/texmf-dist/fonts/enc/dvips/lm/lm-ec.enc}] [2

]
LaTeX Font Info:    Trying to load font information for OT1+lmr on input line 1
68.

(/usr/local/texlive/2026basic/texmf-dist/tex/latex/lm/ot1lmr.fd
File: ot1lmr.fd 2015/05/01 v1.6.1 Font defs for Latin Modern
)
LaTeX Font Info:    Trying to load font information for OML+lmm on input line 1
68.

(/usr/local/texlive/2026basic/texmf-dist/tex/latex/lm/omllmm.fd
File: omllmm.fd 2015/05/01 v1.6.1 Font defs for Latin Modern
)
LaTeX Font Info:    Trying to load font information for OMS+lmsy on input line 
168.

(/usr/local/texlive/2026basic/texmf-dist/tex/latex/lm/omslmsy.fd
File: omslmsy.fd 2015/05/01 v1.6.1 Font defs for Latin Modern
)
LaTeX Font Info:    Trying to load font information for OMX+lmex on input line 
168.

(/usr/local/texlive/2026basic/texmf-dist/tex/latex/lm/omxlmex.fd
File: omxlmex.fd 2015/05/01 v1.6.1 Font defs for Latin Modern
)
LaTeX Font Info:    External font `lmex10' loaded for size
(Font)              <10.95> on input line 168.
LaTeX Font Info:    External font `lmex10' loaded for size
(Font)              <8> on input line 168.
LaTeX Font Info:    External font `lmex10' loaded for size
(Font)              <6> on input line 168.
LaTeX Font Info:    Trying to load font information for U+msa on input line 168
.

(/usr/local/texlive/2026basic/texmf-dist/tex/latex/amsfonts/umsa.fd
File: umsa.fd 2013/01/14 v3.01 AMS symbols A
)
(/Users/arsenart/Library/texmf/tex/latex/microtype/mt-msa.cfg
File: mt-msa.cfg 2006/02/04 v1.1 microtype config. file: AMS symbols (a) (RS)
)
LaTeX Font Info:    Trying to load font information for U+msb on input line 168
.

(/usr/local/texlive/2026basic/texmf-dist/tex/latex/amsfonts/umsb.fd
File: umsb.fd 2013/01/14 v3.01 AMS symbols B
)
(/Users/arsenart/Library/texmf/tex/latex/microtype/mt-msb.cfg
File: mt-msb.cfg 2005/06/01 v1.0 microtype config. file: AMS symbols (b) (RS)
) [1

] [2

] [3

]
[4

] [5

] [6

] [7

] [8

] (./main.toc [9

])
\tf@toc=\write4
\openout4 = `main.toc'.

Package babel Info: 'czech' activates 'czech' shorthands.
(babel)             Reported on input line 240.
 [10] (./chapters.tex
Kapitola 1.

pdfTeX warning (ext4): destination with the same identifier (name{page.1}) has 
been already used, duplicate ignored
<to be read again> 
                   \relax 
l.13 
      [1


]
pdfTeX warning (ext4): destination with the same identifier (name{page.2}) has 
been already used, duplicate ignored
<to be read again> 
                   \relax 
l.20 \chapter
             {Anal√Ωza souƒçasn√©ho stavu ve spoleƒçnosti} [2]
Kapitola 2.
[3

] [4] [5] [6]
<images/screenshots/15-as-is-process.png, id=364, 1305.87875pt x 433.62pt>
File: images/screenshots/15-as-is-process.png Graphic file (type png)
<use images/screenshots/15-as-is-process.png>
Package pdftex.def Info: images/screenshots/15-as-is-process.png  used on input
 line 90.
(pdftex.def)             Requested size: 455.24411pt x 151.16055pt.
 [7 <./images/screenshots/15-as-is-process.png>] [8] [9]
[10

]
Kapitola 3.
[11] [12] [13] [14]
Kapitola 4.
[15

] [16]
LaTeX Font Info:    Trying to load font information for TS1+lmr on input line 3
16.
 (/usr/local/texlive/2026basic/texmf-dist/tex/latex/lm/ts1lmr.fd
File: ts1lmr.fd 2015/05/01 v1.6.1 Font defs for Latin Modern
)
<images/screenshots/16-to-be-approval.png, id=412, 1718.42pt x 444.66125pt>
File: images/screenshots/16-to-be-approval.png Graphic file (type png)
<use images/screenshots/16-to-be-approval.png>
Package pdftex.def Info: images/screenshots/16-to-be-approval.png  used on inpu
t line 320.
(pdftex.def)             Requested size: 455.24411pt x 117.79395pt.

Underfull \vbox (badness 10000) has occurred while \output is active []

 [17{/usr/local/texlive/2026basic/texmf-dist/fonts/enc/dvips/lm/lm-ts1.enc}]
<images/screenshots/17-to-be-accounting.png, id=418, 1446.40375pt x 422.57875pt
>
File: images/screenshots/17-to-be-accounting.png Graphic file (type png)
<use images/screenshots/17-to-be-accounting.png>
Package pdftex.def Info: images/screenshots/17-to-be-accounting.png  used on in
put line 342.
(pdftex.def)             Requested size: 455.24411pt x 133.00339pt.

Underfull \vbox (badness 1968) has occurred while \output is active []

 [18{/usr/local/texlive/2026basic/texmf-dist/fonts/enc/dvips/lm/lm-mathsy.enc} 
<./images/screenshots/16-to-be-approval.png> <./images/screenshots/17-to-be-acc
ounting.png>] [19]
<images/screenshots/18-er-diagram.png, id=435, 1245.65375pt x 1044.90375pt>
File: images/screenshots/18-er-diagram.png Graphic file (type png)
<use images/screenshots/18-er-diagram.png>
Package pdftex.def Info: images/screenshots/18-er-diagram.png  used on input li
ne 396.
(pdftex.def)             Requested size: 455.24411pt x 381.87299pt.
LaTeX Font Info:    Trying to load font information for T1+lmtt on input line 3
97.
 (/usr/local/texlive/2026basic/texmf-dist/tex/latex/lm/t1lmtt.fd
File: t1lmtt.fd 2015/05/01 v1.6.1 Font defs for Latin Modern
)
Package microtype Info: Loading generic protrusion settings for font family
(microtype)             `lmtt' (encoding: T1).
(microtype)             For optimal results, create family-specific settings.
(microtype)             See the microtype manual for details.

Underfull \vbox (badness 10000) has occurred while \output is active []

 [20]
[21 <./images/screenshots/18-er-diagram.png>] [22

]
Kapitola 5.
[23] [24]
<images/screenshots/04-request-form.png, id=459, 1927.2pt x 1084.05pt>
File: images/screenshots/04-request-form.png Graphic file (type png)
<use images/screenshots/04-request-form.png>
Package pdftex.def Info: images/screenshots/04-request-form.png  used on input 
line 472.
(pdftex.def)             Requested size: 455.24411pt x 256.07509pt.
 [25]
<images/screenshots/05-requests-list.png, id=465, 1927.2pt x 1084.05pt>
File: images/screenshots/05-requests-list.png Graphic file (type png)
<use images/screenshots/05-requests-list.png>
Package pdftex.def Info: images/screenshots/05-requests-list.png  used on input
 line 479.
(pdftex.def)             Requested size: 455.24411pt x 256.07509pt.
<images/screenshots/06-approvals-list.png, id=466, 1927.2pt x 1084.05pt>
File: images/screenshots/06-approvals-list.png Graphic file (type png)
<use images/screenshots/06-approvals-list.png>
Package pdftex.def Info: images/screenshots/06-approvals-list.png  used on inpu
t line 486.
(pdftex.def)             Requested size: 455.24411pt x 256.07509pt.

Underfull \vbox (badness 10000) has occurred while \output is active []

 [26 <./images/screenshots/04-request-form.png> <./images/screenshots/05-reques
ts-list.png>]
<images/screenshots/07-approval-detail.png, id=475, 1927.2pt x 1084.05pt>
File: images/screenshots/07-approval-detail.png Graphic file (type png)
<use images/screenshots/07-approval-detail.png>
Package pdftex.def Info: images/screenshots/07-approval-detail.png  used on inp
ut line 493.
(pdftex.def)             Requested size: 455.24411pt x 256.07509pt.
 [27 <./images/screenshots/06-approvals-list.png> <./images/screenshots/07-appr
oval-detail.png>]
Overfull \hbox (36.22691pt too wide) in paragraph at lines 503--504
\T1/lmr/m/n/10.95 (-20) fak-tura (IN-VOICE), po-kladnÌ p∞Ì-jem (CASH_RECEIPT), 
po-kladnÌ v˝-daj (CASH_REIMBURSEMENT),
 []

<images/screenshots/08-accounting-list.png, id=484, 1927.2pt x 1084.05pt>
File: images/screenshots/08-accounting-list.png Graphic file (type png)
<use images/screenshots/08-accounting-list.png>
Package pdftex.def Info: images/screenshots/08-accounting-list.png  used on inp
ut line 507.
(pdftex.def)             Requested size: 455.24411pt x 256.07509pt.
<images/screenshots/09-accounting-detail.png, id=485, 1927.2pt x 1084.05pt>
File: images/screenshots/09-accounting-detail.png Graphic file (type png)
<use images/screenshots/09-accounting-detail.png>
Package pdftex.def Info: images/screenshots/09-accounting-detail.png  used on i
nput line 514.
(pdftex.def)             Requested size: 455.24411pt x 256.07509pt.

Underfull \vbox (badness 10000) has occurred while \output is active []

 [28 <./images/screenshots/08-accounting-list.png>]
<images/screenshots/10-accounting-posted.png, id=492, 1927.2pt x 1084.05pt>
File: images/screenshots/10-accounting-posted.png Graphic file (type png)
<use images/screenshots/10-accounting-posted.png>
Package pdftex.def Info: images/screenshots/10-accounting-posted.png  used on i
nput line 521.
(pdftex.def)             Requested size: 455.24411pt x 256.07509pt.
 [29 <./images/screenshots/09-accounting-detail.png> <./images/screenshots/10-a
ccounting-posted.png>]
<images/screenshots/01-login.png, id=501, 1927.2pt x 1084.05pt>
File: images/screenshots/01-login.png Graphic file (type png)
<use images/screenshots/01-login.png>
Package pdftex.def Info: images/screenshots/01-login.png  used on input line 53
5.
(pdftex.def)             Requested size: 341.43307pt x 192.0439pt.
<images/screenshots/03-dashboard.png, id=502, 1927.2pt x 1084.05pt>
File: images/screenshots/03-dashboard.png Graphic file (type png)
<use images/screenshots/03-dashboard.png>
Package pdftex.def Info: images/screenshots/03-dashboard.png  used on input lin
e 544.
(pdftex.def)             Requested size: 455.24411pt x 256.07509pt.
 [30 <./images/screenshots/01-login.png> <./images/screenshots/03-dashboard.png
>]
<images/screenshots/02-setup-password.png, id=511, 1927.2pt x 1084.05pt>
File: images/screenshots/02-setup-password.png Graphic file (type png)
<use images/screenshots/02-setup-password.png>
Package pdftex.def Info: images/screenshots/02-setup-password.png  used on inpu
t line 568.
(pdftex.def)             Requested size: 341.43307pt x 192.0439pt.
 [31 <./images/screenshots/02-setup-password.png>]
<images/screenshots/14-audit-log.png, id=519, 1927.2pt x 1084.05pt>
File: images/screenshots/14-audit-log.png Graphic file (type png)
<use images/screenshots/14-audit-log.png>
Package pdftex.def Info: images/screenshots/14-audit-log.png  used on input lin
e 591.
(pdftex.def)             Requested size: 455.24411pt x 256.07509pt.

Underfull \vbox (badness 10000) has occurred while \output is active []

 [32]
<images/screenshots/11-admin-users.png, id=524, 1927.2pt x 1084.05pt>
File: images/screenshots/11-admin-users.png Graphic file (type png)
<use images/screenshots/11-admin-users.png>
Package pdftex.def Info: images/screenshots/11-admin-users.png  used on input l
ine 607.
(pdftex.def)             Requested size: 455.24411pt x 256.07509pt.

Underfull \vbox (badness 10000) has occurred while \output is active []

 [33 <./images/screenshots/14-audit-log.png>]
<images/screenshots/12-admin-user-edit.png, id=531, 1927.2pt x 1084.05pt>
File: images/screenshots/12-admin-user-edit.png Graphic file (type png)
<use images/screenshots/12-admin-user-edit.png>
Package pdftex.def Info: images/screenshots/12-admin-user-edit.png  used on inp
ut line 614.
(pdftex.def)             Requested size: 341.43307pt x 192.0439pt.
<images/screenshots/13-admin-all-requests.png, id=532, 1927.2pt x 1084.05pt>
File: images/screenshots/13-admin-all-requests.png Graphic file (type png)
<use images/screenshots/13-admin-all-requests.png>
Package pdftex.def Info: images/screenshots/13-admin-all-requests.png  used on 
input line 621.
(pdftex.def)             Requested size: 455.24411pt x 256.07509pt.

Underfull \vbox (badness 10000) has occurred while \output is active []

 [34 <./images/screenshots/11-admin-users.png> <./images/screenshots/12-admin-u
ser-edit.png>] [35 <./images/screenshots/13-admin-all-requests.png>] [36

]
Kapitola 6.

Underfull \hbox (badness 10000) in paragraph at lines 727--727
[]|\T1/lmr/bx/n/10.95 (+20) Popis
 []


Underfull \hbox (badness 10000) in paragraph at lines 727--727
\T1/lmr/bx/n/10.95 (+20) scÈ-
 []


Overfull \hbox (8.24782pt too wide) in paragraph at lines 727--727
[]|\T1/lmr/m/n/10.95 (-20) P∞ihl·≤enÌ
 []


Underfull \hbox (badness 10000) in paragraph at lines 727--727
\T1/lmr/m/n/10.95 (+20) s plat-
 []


Underfull \hbox (badness 10000) in paragraph at lines 727--727
\T1/lmr/m/n/10.95 (+20) n˝m
 []


Overfull \hbox (8.24782pt too wide) in paragraph at lines 727--727
[]|\T1/lmr/m/n/10.95 (-20) P∞ihl·≤enÌ
 []


Underfull \hbox (badness 10000) in paragraph at lines 727--727
\T1/lmr/m/n/10.95 (+20) n˝m
 []


Overfull \hbox (7.46114pt too wide) in paragraph at lines 727--727
[]|\T1/lmr/m/n/10.95 (-20) NastavenÌ
 []


Underfull \hbox (badness 10000) in paragraph at lines 727--727
\T1/lmr/m/n/10.95 (+20) hesla
 []


Underfull \hbox (badness 10000) in paragraph at lines 727--727
\T1/lmr/m/n/10.95 (+20) p∞es
 []


Underfull \hbox (badness 10000) in paragraph at lines 727--727
\T1/lmr/m/n/10.95 (+20) jed-no-
 []


Underfull \hbox (badness 10000) in paragraph at lines 727--727
\T1/lmr/m/n/10.95 (+20) r·-zov˝
 []


Underfull \hbox (badness 10000) in paragraph at lines 727--727
[]|\T1/lmr/m/n/10.95 (+20) Pou∫itÌ
 []


Underfull \hbox (badness 10000) in paragraph at lines 727--727
\T1/lmr/m/n/10.95 (+20) vy-pr-
 []


Underfull \hbox (badness 10000) in paragraph at lines 727--727
\T1/lmr/m/n/10.95 (+20) ≤e-lÈho
 []


Underfull \hbox (badness 10000) in paragraph at lines 727--727
\T1/lmr/m/n/10.95 (+20) od-kazu
 []


Underfull \hbox (badness 2042) in paragraph at lines 727--727
\T1/lmr/m/n/10.95 (+20) pro na-
 []


Underfull \hbox (badness 10000) in paragraph at lines 727--727
\T1/lmr/m/n/10.95 (+20) sta-venÌ
 []


Overfull \hbox (7.12128pt too wide) in paragraph at lines 727--727
[]|\T1/lmr/m/n/10.95 (-20) Vytvo∞enÌ
 []


Underfull \hbox (badness 10000) in paragraph at lines 727--727
\T1/lmr/m/n/10.95 (+20) ∫·-dosti
 []


Underfull \hbox (badness 10000) in paragraph at lines 727--727
\T1/lmr/m/n/10.95 (+20) o v˝-
 []


Underfull \hbox (badness 7064) in paragraph at lines 727--727
\T1/lmr/m/n/10.95 (+20) daj do
 []


Overfull \hbox (7.12128pt too wide) in paragraph at lines 727--727
[]|\T1/lmr/m/n/10.95 (-20) Vytvo∞enÌ
 []


Underfull \hbox (badness 10000) in paragraph at lines 727--727
\T1/lmr/m/n/10.95 (+20) ∫·-dosti
 []


Underfull \hbox (badness 10000) in paragraph at lines 727--727
\T1/lmr/m/n/10.95 (+20) 3001--
 []


Overfull \hbox (5.10205pt too wide) in paragraph at lines 727--727
\T1/lmr/m/n/10.95 (-20) 50000K£| 
 []


Overfull \hbox (7.12128pt too wide) in paragraph at lines 727--727
[]|\T1/lmr/m/n/10.95 (-20) Vytvo∞enÌ
 []


Underfull \hbox (badness 10000) in paragraph at lines 727--727
\T1/lmr/m/n/10.95 (+20) ∫·-dosti
 []


Underfull \hbox (badness 10000) in paragraph at lines 727--727
\T1/lmr/m/n/10.95 (+20) o v˝-
 []


Overfull \hbox (5.10205pt too wide) in paragraph at lines 727--727
\T1/lmr/m/n/10.95 (-20) 50000K£| 
 []


Overfull \hbox (7.12128pt too wide) in paragraph at lines 727--727
[]|\T1/lmr/m/n/10.95 (-20) Vytvo∞enÌ
 []


Underfull \hbox (badness 10000) in paragraph at lines 727--727
\T1/lmr/m/n/10.95 (+20) ∫·-dosti
 []


Underfull \hbox (badness 10000) in paragraph at lines 727--727
\T1/lmr/m/n/10.95 (+20) typu
 []


Underfull \hbox (badness 10000) in paragraph at lines 727--727
\T1/lmr/m/n/10.95 (+20) PUR-
 []


Overfull \hbox (4.70633pt too wide) in paragraph at lines 727--727
[]|\T1/lmr/m/n/10.95 (-20) Schv·lenÌ
 []


Underfull \hbox (badness 10000) in paragraph at lines 727--727
\T1/lmr/m/n/10.95 (+20) prv-nÌho
 []


Underfull \hbox (badness 10000) in paragraph at lines 727--727
\T1/lmr/m/n/10.95 (+20) kroku
 []


Underfull \hbox (badness 10000) in paragraph at lines 727--727
\T1/lmr/m/n/10.95 (+20) vÌ-ce-˙-
 []


Underfull \hbox (badness 10000) in paragraph at lines 727--727
\T1/lmr/m/n/10.95 (+20) rov-¨ovÈ
 []


Overfull \hbox (8.30103pt too wide) in paragraph at lines 727--727
[]|\T1/lmr/m/n/10.95 (-20) ZamÌtnutÌ
 []


Underfull \hbox (badness 10000) in paragraph at lines 727--727
\T1/lmr/m/n/10.95 (+20) ∫·-dosti
 []


Underfull \hbox (badness 10000) in paragraph at lines 727--727
\T1/lmr/m/n/10.95 (+20) schva-lo-
 []


Underfull \hbox (badness 10000) in paragraph at lines 727--727
[]|\T1/lmr/m/n/10.95 (+20) Vr·cenÌ
 []


Underfull \hbox (badness 10000) in paragraph at lines 727--727
\T1/lmr/m/n/10.95 (+20) ∫·-dosti
 []


Underfull \hbox (badness 3471) in paragraph at lines 727--727
\T1/lmr/m/n/10.95 (+20) k do-pl-
 []


Overfull \hbox (4.70633pt too wide) in paragraph at lines 727--727
[]|\T1/lmr/m/n/10.95 (-20) Schv·lenÌ
 []


Underfull \hbox (badness 10000) in paragraph at lines 727--727
\T1/lmr/m/n/10.95 (+20) v≤ech
 []


Underfull \hbox (badness 10000) in paragraph at lines 727--727
\T1/lmr/m/n/10.95 (+20) krok∑
 []


Underfull \hbox (badness 10000) in paragraph at lines 727--727
\T1/lmr/m/n/10.95 (+20) work-
 []


Overfull \hbox (4.43277pt too wide) in paragraph at lines 727--727
[]|\T1/lmr/m/n/10.95 (-20) Ozna£enÌ
 []


Underfull \hbox (badness 10000) in paragraph at lines 727--727
\T1/lmr/m/n/10.95 (+20) schv·-
 []


Underfull \hbox (badness 10000) in paragraph at lines 727--727
\T1/lmr/m/n/10.95 (+20) lenÈ
 []


Underfull \hbox (badness 10000) in paragraph at lines 727--727
\T1/lmr/m/n/10.95 (+20) ∫·-dosti
 []


Overfull \hbox (7.12128pt too wide) in paragraph at lines 727--727
[]|\T1/lmr/m/n/10.95 (-20) Vytvo∞enÌ
 []


Underfull \hbox (badness 10000) in paragraph at lines 727--727
\T1/lmr/m/n/10.95 (+20) ˙£et-
 []


Underfull \hbox (badness 10000) in paragraph at lines 727--727
\T1/lmr/m/n/10.95 (+20) nÌho
 []


Overfull \hbox (2.10762pt too wide) in paragraph at lines 727--727
[]|\T1/lmr/m/n/10.95 (-20) Odesl·nÌ
 []


Underfull \hbox (badness 10000) in paragraph at lines 727--727
\T1/lmr/m/n/10.95 (+12) do-kladu
 []


Underfull \hbox (badness 10000) in paragraph at lines 727--727
\T1/lmr/m/n/10.95 (+20) ˙£et-
 []


Underfull \hbox (badness 10000) in paragraph at lines 727--727
\T1/lmr/m/n/10.95 (+20) nÌmu
 []


Underfull \hbox (badness 10000) in paragraph at lines 727--727
\T1/lmr/m/n/10.95 (+20) od-d•-
 []


Overfull \hbox (12.76068pt too wide) in paragraph at lines 727--727
[]|\T1/lmr/m/n/10.95 (-20) Za˙£tov·nÌ
 []


Underfull \hbox (badness 10000) in paragraph at lines 727--727
\T1/lmr/m/n/10.95 (+12) do-kladu
 []


Underfull \hbox (badness 10000) in paragraph at lines 727--727
[]|\T1/lmr/m/n/10.95 (+20) Vr·cenÌ
 []


Underfull \hbox (badness 10000) in paragraph at lines 727--727
\T1/lmr/m/n/10.95 (+12) do-kladu
 []


Underfull \hbox (badness 10000) in paragraph at lines 727--727
\T1/lmr/m/n/10.95 (+20) k do-
 []


Underfull \hbox (badness 10000) in paragraph at lines 727--727
\T1/lmr/m/n/10.95 (+20) pl-n•nÌ
 []


Underfull \hbox (badness 10000) in paragraph at lines 727--727
[]|\T1/lmr/m/n/10.95 (+20) P∞Ìstup
 []


Underfull \hbox (badness 10000) in paragraph at lines 727--727
\T1/lmr/m/n/10.95 (+20) ∫a-da-
 []


Underfull \hbox (badness 3009) in paragraph at lines 727--727
\T1/lmr/m/n/10.95 (+20) tele na
 []


Underfull \hbox (badness 10000) in paragraph at lines 727--727
\T1/lmr/m/n/10.95 (+20) ad-mi-
 []


Underfull \hbox (badness 10000) in paragraph at lines 727--727
\T1/lmr/m/n/10.95 (+20) nis-tr·-
 []


Underfull \hbox (badness 10000) in paragraph at lines 727--727
\T1/lmr/m/n/10.95 (+20) tor-skÈ
 []


Overfull \hbox (7.44298pt too wide) in paragraph at lines 727--727
[]|\T1/lmr/m/n/10.95 (-20) ZobrazenÌ
 []


Underfull \hbox (badness 10000) in paragraph at lines 727--727
\T1/lmr/m/n/10.95 (+20) au-dit-
 []


Underfull \hbox (badness 10000) in paragraph at lines 727--727
\T1/lmr/m/n/10.95 (+20) nÌho
 []


Underfull \hbox (badness 10000) in paragraph at lines 727--727
\T1/lmr/m/n/10.95 (+20) z·-
 []


Underfull \hbox (badness 10000) in paragraph at lines 727--727
\T1/lmr/m/n/10.95 (+20) znamu
 []


Underfull \hbox (badness 4556) in paragraph at lines 727--727
\T1/lmr/m/n/10.95 (+20) po sta-
 []


Underfull \hbox (badness 10000) in paragraph at lines 727--727
\T1/lmr/m/n/10.95 (+20) vovÈ
 []


Underfull \hbox (badness 10000) in paragraph at lines 727--727
[]|\T1/lmr/m/n/10.95 (+20) E-
 []


Underfull \hbox (badness 10000) in paragraph at lines 727--727
\T1/lmr/m/n/10.95 (+20) mailov·
 []


Underfull \hbox (badness 10000) in paragraph at lines 727--727
\T1/lmr/m/n/10.95 (+20) no-ti-
 []


Underfull \hbox (badness 10000) in paragraph at lines 727--727
\T1/lmr/m/n/10.95 (+20) fi-kace
 []


Underfull \hbox (badness 10000) in paragraph at lines 727--727
\T1/lmr/m/n/10.95 (+20) sl·nÌ
 []

[37]
Overfull \vbox (1230.09425pt too high) has occurred while \output is active []


[38] [39] [40]
Kapitola 7.
[41

] [42] [43

]) [44]
P\v {r}\'{\i }loha A.
[45

] (./main.aux)
 ***********
LaTeX2e <2025-11-01>
L3 programming layer <2026-01-19>
 ***********
Package rerunfilecheck Info: File `main.out' has not changed.
(rerunfilecheck)             Checksum: 0A2700C3104A8BC9D963DB32C7643277;10901.
 ) 
Here is how much of TeX's memory you used:
 18736 strings out of 469006
 305714 string characters out of 5454813
 784912 words of memory out of 5000000
 46854 multiletter control sequences out of 15000+600000
 699063 words of font info for 177 fonts, out of 8000000 for 9000
 319 hyphenation exceptions out of 8191
 75i,13n,95p,1286b,660s stack positions out of 10000i,1000n,20000p,200000b,200000s
</usr/local/texlive/2026basic/texmf-dist/fonts/type1/public/lm/lmbx10.pfb></u
sr/local/texlive/2026basic/texmf-dist/fonts/type1/public/lm/lmbx12.pfb></usr/lo
cal/texlive/2026basic/texmf-dist/fonts/type1/public/lm/lmr10.pfb></usr/local/te
xlive/2026basic/texmf-dist/fonts/type1/public/lm/lmr12.pfb></usr/local/texlive/
2026basic/texmf-dist/fonts/type1/public/lm/lmri10.pfb></usr/local/texlive/2026b
asic/texmf-dist/fonts/type1/public/lm/lmsy10.pfb></usr/local/texlive/2026basic/
texmf-dist/fonts/type1/public/lm/lmtt10.pfb></usr/local/texlive/2026basic/texmf
-dist/fonts/type1/public/amsfonts/symbols/msam10.pfb>
Output written on main.pdf (57 pages, 1719087 bytes).
PDF statistics:
 692 PDF objects out of 1000 (max. 8388607)
 574 compressed objects within 6 object streams
 156 named destinations out of 1000 (max. 500000)
 40475 words of extra memory for PDF output out of 42996 (max. 10000000)

